
EnvironmentNameNotFound: Could not find conda environment: pcp
You can list all discoverable environments with `conda info --envs`.


INFO: Create ssh tunnel from your pc using: ssh -L 49783:node001:49783  ki64cah@login2.draco.uni-jena.de
INFO: You can also use draco instead of ara
[I 2026-07-07 13:00:00.940 ServerApp] jupyter_lsp | extension was successfully linked.
[I 2026-07-07 13:00:00.945 ServerApp] jupyter_server_terminals | extension was successfully linked.
[I 2026-07-07 13:00:00.950 ServerApp] jupyterlab | extension was successfully linked.
[I 2026-07-07 13:00:00.955 ServerApp] notebook | extension was successfully linked.
[I 2026-07-07 13:00:01.462 ServerApp] notebook_shim | extension was successfully linked.
[I 2026-07-07 13:00:01.463 ServerApp] panel.io.jupyter_server_extension | extension was successfully linked.
[I 2026-07-07 13:00:01.506 ServerApp] notebook_shim | extension was successfully loaded.
[I 2026-07-07 13:00:01.510 ServerApp] jupyter_lsp | extension was successfully loaded.
[I 2026-07-07 13:00:01.512 ServerApp] jupyter_server_terminals | extension was successfully loaded.
[I 2026-07-07 13:00:01.523 LabApp] JupyterLab extension loaded from /cluster/ecosystems/anaconda3/2024.10/lib/python3.12/site-packages/jupyterlab
[I 2026-07-07 13:00:01.524 LabApp] JupyterLab application directory is /cluster/ecosystems/anaconda3/2024.10/share/jupyter/lab
[I 2026-07-07 13:00:01.526 LabApp] Extension Manager is 'pypi'.
[I 2026-07-07 13:00:01.624 LabApp] Extensions will be fetched using proxy, proxy host and port: ('internet4nzm.rz.uni-jena.de', '3128')
[I 2026-07-07 13:00:01.628 ServerApp] jupyterlab | extension was successfully loaded.
[I 2026-07-07 13:00:01.639 ServerApp] notebook | extension was successfully loaded.
[I 2026-07-07 13:00:01.641 ServerApp] panel.io.jupyter_server_extension | extension was successfully loaded.
[I 2026-07-07 13:00:01.642 ServerApp] Serving notebooks from local directory: /work/ki64cah/plast-chem
[I 2026-07-07 13:00:01.642 ServerApp] Jupyter Server 2.14.1 is running at:
[I 2026-07-07 13:00:01.643 ServerApp] http://node001:49783/lab?token=90c29097fbaab7316024e08688f482e3ff99013c09736da2
[I 2026-07-07 13:00:01.643 ServerApp]     http://127.0.0.1:49783/lab?token=90c29097fbaab7316024e08688f482e3ff99013c09736da2
[I 2026-07-07 13:00:01.644 ServerApp] Use Control-C to stop this server and shut down all kernels (twice to skip confirmation).
[C 2026-07-07 13:00:01.648 ServerApp] 
    
    To access the server, open this file in a browser:
        file:///home/ki64cah/.local/share/jupyter/runtime/jpserver-1942202-open.html
    Or copy and paste one of these URLs:
        http://node001:49783/lab?token=90c29097fbaab7316024e08688f482e3ff99013c09736da2
        http://127.0.0.1:49783/lab?token=90c29097fbaab7316024e08688f482e3ff99013c09736da2
[I 2026-07-07 13:00:01.902 ServerApp] Skipped non-installed server(s): bash-language-server, dockerfile-language-server-nodejs, javascript-typescript-langserver, jedi-language-server, julia-language-server, pyright, python-language-server, r-languageserver, sql-language-server, texlab, typescript-language-server, unified-language-server, vscode-css-languageserver-bin, vscode-html-languageserver-bin, vscode-json-languageserver-bin, yaml-language-server
[W 2026-07-07 13:00:38.598 LabApp] Could not determine jupyterlab build status without nodejs
[I 2026-07-07 13:00:39.728 ServerApp] Kernel started: 068e151b-a5e4-4856-a9da-58f1e226c886
[I 2026-07-07 13:00:40.116 ServerApp] Kernel started: 0d185fea-9c16-4a18-8b52-2196420f0dae
[I 2026-07-07 13:00:40.509 ServerApp] Connecting to kernel 068e151b-a5e4-4856-a9da-58f1e226c886.
[I 2026-07-07 13:00:40.532 ServerApp] Connecting to kernel 068e151b-a5e4-4856-a9da-58f1e226c886.
[IPKernelApp] WARNING | Kernel is running over TCP without encryption. All communication (including code and outputs) is sent in plain text and is susceptible to eavesdropping. Use IPC transport or launch with kernel manager-provisioned CurveZMQ keys to enable transport encryption.
[I 2026-07-07 13:00:42.280 ServerApp] Connecting to kernel 0d185fea-9c16-4a18-8b52-2196420f0dae.
[I 2026-07-07 13:00:42.296 ServerApp] Connecting to kernel 0d185fea-9c16-4a18-8b52-2196420f0dae.
[I 2026-07-07 13:00:42.316 ServerApp] Connecting to kernel 0d185fea-9c16-4a18-8b52-2196420f0dae.
[I 2026-07-07 13:01:59.372 ServerApp] Saving file at /analysis/models.ipynb
[I 2026-07-07 13:03:33.175 ServerApp] Starting buffering for 068e151b-a5e4-4856-a9da-58f1e226c886:439ab483-4bb2-473e-9848-77b7ff8596e2
[I 2026-07-07 13:03:37.737 ServerApp] Kernel shutdown: 068e151b-a5e4-4856-a9da-58f1e226c886
[I 2026-07-07 13:03:59.513 ServerApp] Saving file at /analysis/models.ipynb
[I 2026-07-07 13:17:59.620 ServerApp] Saving file at /analysis/models.ipynb
[CV 5/5; 2/27] START learning_rate=0.2, max_depth=1, n_estimators=300...........
[CV 5/5; 2/27] END learning_rate=0.2, max_depth=1, n_estimators=300;, score=0.596 total time=  52.2s
[CV 2/5; 5/27] START learning_rate=0.2, max_depth=2, n_estimators=300...........
[CV 2/5; 5/27] END learning_rate=0.2, max_depth=2, n_estimators=300;, score=0.618 total time= 1.7min
[CV 3/5; 8/27] START learning_rate=0.2, max_depth=3, n_estimators=300...........
[CV 3/5; 8/27] END learning_rate=0.2, max_depth=3, n_estimators=300;, score=0.603 total time= 2.5min
[CV 4/5; 13/27] START learning_rate=0.1, max_depth=2, n_estimators=200..........
[CV 4/5; 13/27] END learning_rate=0.1, max_depth=2, n_estimators=200;, score=0.599 total time= 1.1min
[CV 1/5; 16/27] START learning_rate=0.1, max_depth=3, n_estimators=200..........
[CV 1/5; 16/27] END learning_rate=0.1, max_depth=3, n_estimators=200;, score=0.595 total time= 1.7min
[CV 2/5; 18/27] START learning_rate=0.1, max_depth=3, n_estimators=400..........
[CV 2/5; 18/27] END learning_rate=0.1, max_depth=3, n_estimators=400;, score=0.617 total time= 3.4min
[CV 4/5; 25/27] START learning_rate=0.01, max_depth=3, n_estimators=200.........
[CV 4/5; 25/27] END learning_rate=0.01, max_depth=3, n_estimators=200;, score=0.580 total time= 1.7min
[CV 2/5; 3/27] START learning_rate=0.2, max_depth=1, n_estimators=400...........
[CV 2/5; 3/27] END learning_rate=0.2, max_depth=1, n_estimators=400;, score=0.617 total time= 1.2min
[CV 2/5; 7/27] START learning_rate=0.2, max_depth=3, n_estimators=200...........
[CV 2/5; 7/27] END learning_rate=0.2, max_depth=3, n_estimators=200;, score=0.618 total time= 1.7min
[CV 3/5; 9/27] START learning_rate=0.2, max_depth=3, n_estimators=400...........
[CV 3/5; 9/27] END learning_rate=0.2, max_depth=3, n_estimators=400;, score=0.597 total time= 3.3min
[CV 3/5; 16/27] START learning_rate=0.1, max_depth=3, n_estimators=200..........
[CV 3/5; 16/27] END learning_rate=0.1, max_depth=3, n_estimators=200;, score=0.602 total time= 1.7min
[CV 4/5; 18/27] START learning_rate=0.1, max_depth=3, n_estimators=400..........
[CV 4/5; 18/27] END learning_rate=0.1, max_depth=3, n_estimators=400;, score=0.607 total time= 3.4min
[CV 5/5; 25/27] START learning_rate=0.01, max_depth=3, n_estimators=200.........
[CV 5/5; 25/27] END learning_rate=0.01, max_depth=3, n_estimators=200;, score=0.586 total time= 1.7min
[CV 2/5; 1/27] START learning_rate=0.2, max_depth=1, n_estimators=200...........
[CV 2/5; 1/27] END learning_rate=0.2, max_depth=1, n_estimators=200;, score=0.615 total time=  35.6s
[CV 5/5; 4/27] START learning_rate=0.2, max_depth=2, n_estimators=200...........
[CV 5/5; 4/27] END learning_rate=0.2, max_depth=2, n_estimators=200;, score=0.601 total time= 1.1min
[CV 1/5; 8/27] START learning_rate=0.2, max_depth=3, n_estimators=300...........
[CV 1/5; 8/27] END learning_rate=0.2, max_depth=3, n_estimators=300;, score=0.586 total time= 2.5min
[CV 2/5; 12/27] START learning_rate=0.1, max_depth=1, n_estimators=400..........
[CV 2/5; 12/27] END learning_rate=0.1, max_depth=1, n_estimators=400;, score=0.617 total time= 1.2min
[CV 3/5; 14/27] START learning_rate=0.1, max_depth=2, n_estimators=300..........
[CV 3/5; 14/27] END learning_rate=0.1, max_depth=2, n_estimators=300;, score=0.600 total time= 1.7min
[CV 4/5; 17/27] START learning_rate=0.1, max_depth=3, n_estimators=300..........
[CV 4/5; 17/27] END learning_rate=0.1, max_depth=3, n_estimators=300;, score=0.593 total time= 2.5min
[CV 1/5; 22/27] START learning_rate=0.01, max_depth=2, n_estimators=200.........
[CV 1/5; 22/27] END learning_rate=0.01, max_depth=2, n_estimators=200;, score=0.570 total time= 1.1min
[CV 2/5; 24/27] START learning_rate=0.01, max_depth=2, n_estimators=400.........
[CV 2/5; 24/27] END learning_rate=0.01, max_depth=2, n_estimators=400;, score=0.597 total time= 2.3min
[CV 3/5; 1/27] START learning_rate=0.2, max_depth=1, n_estimators=200...........
[CV 3/5; 1/27] END learning_rate=0.2, max_depth=1, n_estimators=200;, score=0.598 total time=  35.6s
[CV 1/5; 5/27] START learning_rate=0.2, max_depth=2, n_estimators=300...........
[CV 1/5; 5/27] END learning_rate=0.2, max_depth=2, n_estimators=300;, score=0.603 total time= 1.7min
[CV 2/5; 8/27] START learning_rate=0.2, max_depth=3, n_estimators=300...........
[CV 2/5; 8/27] END learning_rate=0.2, max_depth=3, n_estimators=300;, score=0.614 total time= 2.5min
[CV 4/5; 12/27] START learning_rate=0.1, max_depth=1, n_estimators=400..........
[CV 4/5; 12/27] END learning_rate=0.1, max_depth=1, n_estimators=400;, score=0.602 total time= 1.2min
[CV 1/5; 15/27] START learning_rate=0.1, max_depth=2, n_estimators=400..........
[CV 1/5; 15/27] END learning_rate=0.1, max_depth=2, n_estimators=400;, score=0.589 total time= 2.2min
[CV 2/5; 19/27] START learning_rate=0.01, max_depth=1, n_estimators=200.........
[CV 2/5; 19/27] END learning_rate=0.01, max_depth=1, n_estimators=200;, score=0.571 total time=  34.9s
[CV 3/5; 20/27] START learning_rate=0.01, max_depth=1, n_estimators=300.........
[CV 3/5; 20/27] END learning_rate=0.01, max_depth=1, n_estimators=300;, score=0.562 total time=  51.9s
[CV 3/5; 22/27] START learning_rate=0.01, max_depth=2, n_estimators=200.........
[CV 3/5; 22/27] END learning_rate=0.01, max_depth=2, n_estimators=200;, score=0.579 total time= 1.1min
[CV 5/5; 24/27] START learning_rate=0.01, max_depth=2, n_estimators=400.........
[CV 5/5; 24/27] END learning_rate=0.01, max_depth=2, n_estimators=400;, score=0.590 total time= 2.2min
[CV 3/5; 2/27] START learning_rate=0.2, max_depth=1, n_estimators=300...........
[CV 3/5; 2/27] END learning_rate=0.2, max_depth=1, n_estimators=300;, score=0.606 total time=  52.8s
[CV 1/5; 6/27] START learning_rate=0.2, max_depth=2, n_estimators=400...........
[CV 1/5; 6/27] END learning_rate=0.2, max_depth=2, n_estimators=400;, score=0.595 total time= 2.2min
[CV 4/5; 9/27] START learning_rate=0.2, max_depth=3, n_estimators=400...........
[CV 4/5; 9/27] END learning_rate=0.2, max_depth=3, n_estimators=400;, score=0.601 total time= 3.3min
[CV 5/5; 16/27] START learning_rate=0.1, max_depth=3, n_estimators=200..........
[CV 5/5; 16/27] END learning_rate=0.1, max_depth=3, n_estimators=200;, score=0.602 total time= 1.7min
[CV 1/5; 19/27] START learning_rate=0.01, max_depth=1, n_estimators=200.........
[CV 1/5; 19/27] END learning_rate=0.01, max_depth=1, n_estimators=200;, score=0.570 total time=  34.9s
[CV 2/5; 20/27] START learning_rate=0.01, max_depth=1, n_estimators=300.........
[CV 2/5; 20/27] END learning_rate=0.01, max_depth=1, n_estimators=300;, score=0.576 total time=  52.1s
[CV 2/5; 22/27] START learning_rate=0.01, max_depth=2, n_estimators=200.........
[CV 2/5; 22/27] END learning_rate=0.01, max_depth=2, n_estimators=200;, score=0.586 total time= 1.1min
[CV 3/5; 24/27] START learning_rate=0.01, max_depth=2, n_estimators=400.........
[CV 3/5; 24/27] END learning_rate=0.01, max_depth=2, n_estimators=400;, score=0.586 total time= 2.3min
[CV 4/5; 1/27] START learning_rate=0.2, max_depth=1, n_estimators=200...........
[CV 4/5; 1/27] END learning_rate=0.2, max_depth=1, n_estimators=200;, score=0.604 total time=  35.0s
[CV 4/5; 4/27] START learning_rate=0.2, max_depth=2, n_estimators=200...........
[CV 4/5; 4/27] END learning_rate=0.2, max_depth=2, n_estimators=200;, score=0.598 total time= 1.1min
[CV 4/5; 7/27] START learning_rate=0.2, max_depth=3, n_estimators=200...........
[CV 4/5; 7/27] END learning_rate=0.2, max_depth=3, n_estimators=200;, score=0.610 total time= 1.7min
[CV 2/5; 10/27] START learning_rate=0.1, max_depth=1, n_estimators=200..........
[CV 2/5; 10/27] END learning_rate=0.1, max_depth=1, n_estimators=200;, score=0.605 total time=  34.8s
[CV 2/5; 11/27] START learning_rate=0.1, max_depth=1, n_estimators=300..........
[CV 2/5; 11/27] END learning_rate=0.1, max_depth=1, n_estimators=300;, score=0.608 total time=  51.8s
[CV 1/5; 13/27] START learning_rate=0.1, max_depth=2, n_estimators=200..........
[CV 1/5; 13/27] END learning_rate=0.1, max_depth=2, n_estimators=200;, score=0.592 total time= 1.1min
[CV 2/5; 15/27] START learning_rate=0.1, max_depth=2, n_estimators=400..........
[CV 2/5; 15/27] END learning_rate=0.1, max_depth=2, n_estimators=400;, score=0.615 total time= 2.2min
[CV 3/5; 19/27] START learning_rate=0.01, max_depth=1, n_estimators=200.........
[CV 3/5; 19/27] END learning_rate=0.01, max_depth=1, n_estimators=200;, score=0.567 total time=  34.9s
[CV 4/5; 20/27] START learning_rate=0.01, max_depth=1, n_estimators=300.........
[CV 4/5; 20/27] END learning_rate=0.01, max_depth=1, n_estimators=300;, score=0.577 total time=  51.8s
[CV 4/5; 22/27] START learning_rate=0.01, max_depth=2, n_estimators=200.........
[CV 4/5; 22/27] END learning_rate=0.01, max_depth=2, n_estimators=200;, score=0.575 total time= 1.1min
[CV 4/5; 24/27] START learning_rate=0.01, max_depth=2, n_estimators=400.........
[CV 4/5; 24/27] END learning_rate=0.01, max_depth=2, n_estimators=400;, score=0.587 total time= 2.3min
[CV 3/5; 3/27] START learning_rate=0.2, max_depth=1, n_estimators=400...........
[CV 3/5; 3/27] END learning_rate=0.2, max_depth=1, n_estimators=400;, score=0.602 total time= 1.2min
[CV 5/5; 6/27] START learning_rate=0.2, max_depth=2, n_estimators=400...........
[CV 5/5; 6/27] END learning_rate=0.2, max_depth=2, n_estimators=400;, score=0.592 total time= 2.3min
[CV 1/5; 11/27] START learning_rate=0.1, max_depth=1, n_estimators=300..........
[CV 1/5; 11/27] END learning_rate=0.1, max_depth=1, n_estimators=300;, score=0.579 total time=  52.3s
[CV 3/5; 12/27] START learning_rate=0.1, max_depth=1, n_estimators=400..........
[CV 3/5; 12/27] END learning_rate=0.1, max_depth=1, n_estimators=400;, score=0.597 total time= 1.2min
[CV 4/5; 14/27] START learning_rate=0.1, max_depth=2, n_estimators=300..........
[CV 4/5; 14/27] END learning_rate=0.1, max_depth=2, n_estimators=300;, score=0.595 total time= 1.7min
[CV 5/5; 17/27] START learning_rate=0.1, max_depth=3, n_estimators=300..........
[CV 5/5; 17/27] END learning_rate=0.1, max_depth=3, n_estimators=300;, score=0.595 total time= 2.5min
[CV 1/5; 23/27] START learning_rate=0.01, max_depth=2, n_estimators=300.........
[CV 1/5; 23/27] END learning_rate=0.01, max_depth=2, n_estimators=300;, score=0.567 total time= 1.7min
[CV 2/5; 26/27] START learning_rate=0.01, max_depth=3, n_estimators=300.........
[CV 2/5; 26/27] END learning_rate=0.01, max_depth=3, n_estimators=300;, score=0.600 total time= 2.2min
[CV 1/5; 2/27] START learning_rate=0.2, max_depth=1, n_estimators=300...........
[CV 1/5; 2/27] END learning_rate=0.2, max_depth=1, n_estimators=300;, score=0.579 total time=  52.3s
[CV 3/5; 5/27] START learning_rate=0.2, max_depth=2, n_estimators=300...........
[CV 3/5; 5/27] END learning_rate=0.2, max_depth=2, n_estimators=300;, score=0.602 total time= 1.7min
[CV 4/5; 8/27] START learning_rate=0.2, max_depth=3, n_estimators=300...........
[CV 4/5; 8/27] END learning_rate=0.2, max_depth=3, n_estimators=300;, score=0.604 total time= 2.5min
[CV 5/5; 13/27] START learning_rate=0.1, max_depth=2, n_estimators=200..........
[CV 5/5; 13/27] END learning_rate=0.1, max_depth=2, n_estimators=200;, score=0.608 total time= 1.1min
[CV 4/5; 16/27] START learning_rate=0.1, max_depth=3, n_estimators=200..........
[CV 4/5; 16/27] END learning_rate=0.1, max_depth=3, n_estimators=200;, score=0.599 total time= 1.7min
[CV 5/5; 18/27] START learning_rate=0.1, max_depth=3, n_estimators=400..........
[CV 5/5; 18/27] END learning_rate=0.1, max_depth=3, n_estimators=400;, score=0.590 total time= 3.4min
[CV 1/5; 26/27] START learning_rate=0.01, max_depth=3, n_estimators=300.........
[CV 1/5; 26/27] END learning_rate=0.01, max_depth=3, n_estimators=300;, score=0.588 total time= 2.5min
[CV 4/5; 3/27] START learning_rate=0.2, max_depth=1, n_estimators=400...........
[CV 4/5; 3/27] END learning_rate=0.2, max_depth=1, n_estimators=400;, score=0.592 total time= 1.2min
[CV 3/5; 6/27] START learning_rate=0.2, max_depth=2, n_estimators=400...........
[CV 3/5; 6/27] END learning_rate=0.2, max_depth=2, n_estimators=400;, score=0.602 total time= 2.2min
[CV 3/5; 10/27] START learning_rate=0.1, max_depth=1, n_estimators=200..........
[CV 3/5; 10/27] END learning_rate=0.1, max_depth=1, n_estimators=200;, score=0.589 total time=  34.5s
[CV 4/5; 11/27] START learning_rate=0.1, max_depth=1, n_estimators=300..........
[CV 4/5; 11/27] END learning_rate=0.1, max_depth=1, n_estimators=300;, score=0.601 total time=  51.5s
[CV 5/5; 12/27] START learning_rate=0.1, max_depth=1, n_estimators=400..........
[CV 5/5; 12/27] END learning_rate=0.1, max_depth=1, n_estimators=400;, score=0.595 total time= 1.2min
[CV 5/5; 15/27] START learning_rate=0.1, max_depth=2, n_estimators=400..........
[CV 5/5; 15/27] END learning_rate=0.1, max_depth=2, n_estimators=400;, score=0.599 total time= 2.2min
[CV 1/5; 20/27] START learning_rate=0.01, max_depth=1, n_estimators=300.........
[CV 1/5; 20/27] END learning_rate=0.01, max_depth=1, n_estimators=300;, score=0.564 total time=  51.7s
[CV 2/5; 21/27] START learning_rate=0.01, max_depth=1, n_estimators=400.........
[CV 2/5; 21/27] END learning_rate=0.01, max_depth=1, n_estimators=400;, score=0.579 total time= 1.2min
[CV 3/5; 23/27] START learning_rate=0.01, max_depth=2, n_estimators=300.........
[CV 3/5; 23/27] END learning_rate=0.01, max_depth=2, n_estimators=300;, score=0.586 total time= 1.7min
[CV 4/5; 26/27] START learning_rate=0.01, max_depth=3, n_estimators=300.........
[CV 4/5; 26/27] END learning_rate=0.01, max_depth=3, n_estimators=300;, score=0.592 total time= 2.0min
[CV 1/5; 3/27] START learning_rate=0.2, max_depth=1, n_estimators=400...........
[CV 1/5; 3/27] END learning_rate=0.2, max_depth=1, n_estimators=400;, score=0.588 total time= 1.2min
[CV 4/5; 6/27] START learning_rate=0.2, max_depth=2, n_estimators=400...........
[CV 4/5; 6/27] END learning_rate=0.2, max_depth=2, n_estimators=400;, score=0.593 total time= 2.2min
[CV 4/5; 10/27] START learning_rate=0.1, max_depth=1, n_estimators=200..........
[CV 4/5; 10/27] END learning_rate=0.1, max_depth=1, n_estimators=200;, score=0.598 total time=  34.7s
[CV 5/5; 11/27] START learning_rate=0.1, max_depth=1, n_estimators=300..........
[CV 5/5; 11/27] END learning_rate=0.1, max_depth=1, n_estimators=300;, score=0.592 total time=  51.8s
[CV 3/5; 13/27] START learning_rate=0.1, max_depth=2, n_estimators=200..........
[CV 3/5; 13/27] END learning_rate=0.1, max_depth=2, n_estimators=200;, score=0.600 total time= 1.1min
[CV 4/5; 15/27] START learning_rate=0.1, max_depth=2, n_estimators=400..........
[CV 4/5; 15/27] END learning_rate=0.1, max_depth=2, n_estimators=400;, score=0.599 total time= 2.2min
[CV 5/5; 19/27] START learning_rate=0.01, max_depth=1, n_estimators=200.........
[CV 5/5; 19/27] END learning_rate=0.01, max_depth=1, n_estimators=200;, score=0.566 total time=  34.9s
[CV 1/5; 21/27] START learning_rate=0.01, max_depth=1, n_estimators=400.........
[CV 1/5; 21/27] END learning_rate=0.01, max_depth=1, n_estimators=400;, score=0.564 total time= 1.2min
[CV 2/5; 23/27] START learning_rate=0.01, max_depth=2, n_estimators=300.........
[CV 2/5; 23/27] END learning_rate=0.01, max_depth=2, n_estimators=300;, score=0.595 total time= 1.7min
[CV 3/5; 26/27] START learning_rate=0.01, max_depth=3, n_estimators=300.........
[CV 3/5; 26/27] END learning_rate=0.01, max_depth=3, n_estimators=300;, score=0.589 total time= 2.3min
[CV 5/5; 1/27] START learning_rate=0.2, max_depth=1, n_estimators=200...........
[CV 5/5; 1/27] END learning_rate=0.2, max_depth=1, n_estimators=200;, score=0.598 total time=  34.9s
[CV 2/5; 4/27] START learning_rate=0.2, max_depth=2, n_estimators=200...........
[CV 2/5; 4/27] END learning_rate=0.2, max_depth=2, n_estimators=200;, score=0.615 total time= 1.1min
[CV 3/5; 7/27] START learning_rate=0.2, max_depth=3, n_estimators=200...........
[CV 3/5; 7/27] END learning_rate=0.2, max_depth=3, n_estimators=200;, score=0.603 total time= 1.7min
[CV 5/5; 9/27] START learning_rate=0.2, max_depth=3, n_estimators=400...........
[CV 5/5; 9/27] END learning_rate=0.2, max_depth=3, n_estimators=400;, score=0.578 total time= 3.3min
[CV 1/5; 17/27] START learning_rate=0.1, max_depth=3, n_estimators=300..........
[CV 1/5; 17/27] END learning_rate=0.1, max_depth=3, n_estimators=300;, score=0.603 total time= 2.5min
[CV 3/5; 21/27] START learning_rate=0.01, max_depth=1, n_estimators=400.........
[CV 3/5; 21/27] END learning_rate=0.01, max_depth=1, n_estimators=400;, score=0.567 total time= 1.2min
[CV 4/5; 23/27] START learning_rate=0.01, max_depth=2, n_estimators=300.........
[CV 4/5; 23/27] END learning_rate=0.01, max_depth=2, n_estimators=300;, score=0.584 total time= 1.7min
[CV 5/5; 26/27] START learning_rate=0.01, max_depth=3, n_estimators=300.........
[CV 5/5; 26/27] END learning_rate=0.01, max_depth=3, n_estimators=300;, score=0.586 total time= 2.2min
[CV 2/5; 2/27] START learning_rate=0.2, max_depth=1, n_estimators=300...........
[CV 2/5; 2/27] END learning_rate=0.2, max_depth=1, n_estimators=300;, score=0.624 total time=  52.4s
[CV 5/5; 5/27] START learning_rate=0.2, max_depth=2, n_estimators=300...........
[CV 5/5; 5/27] END learning_rate=0.2, max_depth=2, n_estimators=300;, score=0.592 total time= 1.7min
[CV 5/5; 8/27] START learning_rate=0.2, max_depth=3, n_estimators=300...........
[CV 5/5; 8/27] END learning_rate=0.2, max_depth=3, n_estimators=300;, score=0.581 total time= 2.5min
[CV 1/5; 14/27] START learning_rate=0.1, max_depth=2, n_estimators=300..........
[CV 1/5; 14/27] END learning_rate=0.1, max_depth=2, n_estimators=300;, score=0.591 total time= 1.7min
[CV 2/5; 17/27] START learning_rate=0.1, max_depth=3, n_estimators=300..........
[CV 2/5; 17/27] END learning_rate=0.1, max_depth=3, n_estimators=300;, score=0.618 total time= 2.5min
[CV 4/5; 21/27] START learning_rate=0.01, max_depth=1, n_estimators=400.........
[CV 4/5; 21/27] END learning_rate=0.01, max_depth=1, n_estimators=400;, score=0.581 total time= 1.2min
[CV 5/5; 23/27] START learning_rate=0.01, max_depth=2, n_estimators=300.........
[CV 5/5; 23/27] END learning_rate=0.01, max_depth=2, n_estimators=300;, score=0.587 total time= 1.7min
[CV 1/5; 27/27] START learning_rate=0.01, max_depth=3, n_estimators=400.........
[CV 1/5; 27/27] END learning_rate=0.01, max_depth=3, n_estimators=400;, score=0.588 total time= 2.4min
[CV 1/5; 4/27] START learning_rate=0.2, max_depth=2, n_estimators=200...........
[CV 1/5; 4/27] END learning_rate=0.2, max_depth=2, n_estimators=200;, score=0.595 total time= 1.1min
[CV 2/5; 6/27] START learning_rate=0.2, max_depth=2, n_estimators=400...........
[CV 2/5; 6/27] END learning_rate=0.2, max_depth=2, n_estimators=400;, score=0.611 total time= 2.2min
[CV 1/5; 10/27] START learning_rate=0.1, max_depth=1, n_estimators=200..........
[CV 1/5; 10/27] END learning_rate=0.1, max_depth=1, n_estimators=200;, score=0.583 total time=  34.9s
[CV 3/5; 11/27] START learning_rate=0.1, max_depth=1, n_estimators=300..........
[CV 3/5; 11/27] END learning_rate=0.1, max_depth=1, n_estimators=300;, score=0.594 total time=  51.8s
[CV 2/5; 13/27] START learning_rate=0.1, max_depth=2, n_estimators=200..........
[CV 2/5; 13/27] END learning_rate=0.1, max_depth=2, n_estimators=200;, score=0.612 total time= 1.1min
[CV 3/5; 15/27] START learning_rate=0.1, max_depth=2, n_estimators=400..........
[CV 3/5; 15/27] END learning_rate=0.1, max_depth=2, n_estimators=400;, score=0.603 total time= 2.2min
[CV 4/5; 19/27] START learning_rate=0.01, max_depth=1, n_estimators=200.........
[CV 4/5; 19/27] END learning_rate=0.01, max_depth=1, n_estimators=200;, score=0.572 total time=  34.8s
[CV 5/5; 20/27] START learning_rate=0.01, max_depth=1, n_estimators=300.........
[CV 5/5; 20/27] END learning_rate=0.01, max_depth=1, n_estimators=300;, score=0.565 total time=  51.9s
[CV 5/5; 22/27] START learning_rate=0.01, max_depth=2, n_estimators=200.........
[CV 5/5; 22/27] END learning_rate=0.01, max_depth=2, n_estimators=200;, score=0.571 total time= 1.1min
[CV 1/5; 25/27] START learning_rate=0.01, max_depth=3, n_estimators=200.........
[CV 1/5; 25/27] END learning_rate=0.01, max_depth=3, n_estimators=200;, score=0.571 total time= 1.7min
[CV 2/5; 27/27] START learning_rate=0.01, max_depth=3, n_estimators=400.........
[CV 2/5; 27/27] END learning_rate=0.01, max_depth=3, n_estimators=400;, score=0.606 total time= 2.2min
[CV 4/5; 2/27] START learning_rate=0.2, max_depth=1, n_estimators=300...........
[CV 4/5; 2/27] END learning_rate=0.2, max_depth=1, n_estimators=300;, score=0.593 total time=  52.3s
[CV 4/5; 5/27] START learning_rate=0.2, max_depth=2, n_estimators=300...........
[CV 4/5; 5/27] END learning_rate=0.2, max_depth=2, n_estimators=300;, score=0.589 total time= 1.7min
[CV 1/5; 9/27] START learning_rate=0.2, max_depth=3, n_estimators=400...........
[CV 1/5; 9/27] END learning_rate=0.2, max_depth=3, n_estimators=400;, score=0.577 total time= 3.3min
[CV 5/5; 14/27] START learning_rate=0.1, max_depth=2, n_estimators=300..........
[CV 5/5; 14/27] END learning_rate=0.1, max_depth=2, n_estimators=300;, score=0.602 total time= 1.7min
[CV 1/5; 18/27] START learning_rate=0.1, max_depth=3, n_estimators=400..........
[CV 1/5; 18/27] END learning_rate=0.1, max_depth=3, n_estimators=400;, score=0.600 total time= 3.4min
[CV 2/5; 25/27] START learning_rate=0.01, max_depth=3, n_estimators=200.........
[CV 2/5; 25/27] END learning_rate=0.01, max_depth=3, n_estimators=200;, score=0.600 total time= 1.7min
[CV 3/5; 27/27] START learning_rate=0.01, max_depth=3, n_estimators=400.........
[CV 3/5; 27/27] END learning_rate=0.01, max_depth=3, n_estimators=400;, score=0.592 total time= 2.1min
[CV 5/5; 3/27] START learning_rate=0.2, max_depth=1, n_estimators=400...........
[CV 5/5; 3/27] END learning_rate=0.2, max_depth=1, n_estimators=400;, score=0.599 total time= 1.2min
[CV 1/5; 7/27] START learning_rate=0.2, max_depth=3, n_estimators=200...........
[CV 1/5; 7/27] END learning_rate=0.2, max_depth=3, n_estimators=200;, score=0.589 total time= 1.7min
[CV 2/5; 9/27] START learning_rate=0.2, max_depth=3, n_estimators=400...........
[CV 2/5; 9/27] END learning_rate=0.2, max_depth=3, n_estimators=400;, score=0.617 total time= 3.3min
[CV 2/5; 16/27] START learning_rate=0.1, max_depth=3, n_estimators=200..........
[CV 2/5; 16/27] END learning_rate=0.1, max_depth=3, n_estimators=200;, score=0.621 total time= 1.7min
[CV 3/5; 18/27] START learning_rate=0.1, max_depth=3, n_estimators=400..........
[CV 3/5; 18/27] END learning_rate=0.1, max_depth=3, n_estimators=400;, score=0.608 total time= 3.4min
[CV 3/5; 25/27] START learning_rate=0.01, max_depth=3, n_estimators=200.........
[CV 3/5; 25/27] END learning_rate=0.01, max_depth=3, n_estimators=200;, score=0.585 total time= 1.7min
[CV 5/5; 27/27] START learning_rate=0.01, max_depth=3, n_estimators=400.........
[CV 5/5; 27/27] END learning_rate=0.01, max_depth=3, n_estimators=400;, score=0.593 total time= 2.0min
[CV 1/5; 1/27] START learning_rate=0.2, max_depth=1, n_estimators=200...........
[CV 1/5; 1/27] END learning_rate=0.2, max_depth=1, n_estimators=200;, score=0.591 total time=  35.0s
[CV 3/5; 4/27] START learning_rate=0.2, max_depth=2, n_estimators=200...........
[CV 3/5; 4/27] END learning_rate=0.2, max_depth=2, n_estimators=200;, score=0.598 total time= 1.1min
[CV 5/5; 7/27] START learning_rate=0.2, max_depth=3, n_estimators=200...........
[CV 5/5; 7/27] END learning_rate=0.2, max_depth=3, n_estimators=200;, score=0.586 total time= 1.7min
[CV 5/5; 10/27] START learning_rate=0.1, max_depth=1, n_estimators=200..........
[CV 5/5; 10/27] END learning_rate=0.1, max_depth=1, n_estimators=200;, score=0.583 total time=  34.9s
[CV 1/5; 12/27] START learning_rate=0.1, max_depth=1, n_estimators=400..........
[CV 1/5; 12/27] END learning_rate=0.1, max_depth=1, n_estimators=400;, score=0.585 total time= 1.2min
[CV 2/5; 14/27] START learning_rate=0.1, max_depth=2, n_estimators=300..........
[CV 2/5; 14/27] END learning_rate=0.1, max_depth=2, n_estimators=300;, score=0.615 total time= 1.7min
[CV 3/5; 17/27] START learning_rate=0.1, max_depth=3, n_estimators=300..........
[CV 3/5; 17/27] END learning_rate=0.1, max_depth=3, n_estimators=300;, score=0.603 total time= 2.5min
[CV 5/5; 21/27] START learning_rate=0.01, max_depth=1, n_estimators=400.........
[CV 5/5; 21/27] END learning_rate=0.01, max_depth=1, n_estimators=400;, score=0.565 total time= 1.2min
[CV 1/5; 24/27] START learning_rate=0.01, max_depth=2, n_estimators=400.........
[CV 1/5; 24/27] END learning_rate=0.01, max_depth=2, n_estimators=400;, score=0.568 total time= 2.3min
[CV 4/5; 27/27] START learning_rate=0.01, max_depth=3, n_estimators=400.........
[CV 4/5; 27/27] END learning_rate=0.01, max_depth=3, n_estimators=400;, score=0.598 total time= 2.3min
[I 2026-07-07 13:40:26.307 ServerApp] Saving file at /analysis/models.ipynb
[I 2026-07-07 13:40:37.393 ServerApp] Saving file at /analysis/models.ipynb
[I 2026-07-07 14:13:52.996 ServerApp] Saving file at /analysis/models.ipynb
[I 2026-07-07 14:15:53.111 ServerApp] Saving file at /analysis/models.ipynb
[I 2026-07-07 14:23:27.673 ServerApp] Saving file at /analysis/models.ipynb
[CV 5/5; 3/27] START learning_rate=0.2, max_depth=3, n_estimators=600...........
[CV 5/5; 3/27] END learning_rate=0.2, max_depth=3, n_estimators=600;, score=0.583 total time= 5.0min
[CV 1/5; 7/27] START learning_rate=0.2, max_depth=5, n_estimators=400...........
[CV 1/5; 7/27] END learning_rate=0.2, max_depth=5, n_estimators=400;, score=0.585 total time= 5.5min
[CV 2/5; 9/27] START learning_rate=0.2, max_depth=5, n_estimators=600...........
[CV 2/5; 9/27] END learning_rate=0.2, max_depth=5, n_estimators=600;, score=0.609 total time= 8.3min
[CV 4/5; 13/27] START learning_rate=0.1, max_depth=4, n_estimators=400..........
[CV 4/5; 13/27] END learning_rate=0.1, max_depth=4, n_estimators=400;, score=0.605 total time= 4.4min
[CV 5/5; 16/27] START learning_rate=0.1, max_depth=5, n_estimators=400..........
[CV 5/5; 16/27] END learning_rate=0.1, max_depth=5, n_estimators=400;, score=0.592 total time= 5.5min
[CV 1/5; 20/27] START learning_rate=0.01, max_depth=3, n_estimators=500.........
[CV 1/5; 20/27] END learning_rate=0.01, max_depth=3, n_estimators=500;, score=0.592 total time= 4.2min
[CV 2/5; 22/27] START learning_rate=0.01, max_depth=4, n_estimators=400.........
[CV 2/5; 22/27] END learning_rate=0.01, max_depth=4, n_estimators=400;, score=0.605 total time= 4.4min
[CV 3/5; 25/27] START learning_rate=0.01, max_depth=5, n_estimators=400.........
[CV 3/5; 25/27] END learning_rate=0.01, max_depth=5, n_estimators=400;, score=0.592 total time= 5.6min
[CV 4/5; 2/27] START learning_rate=0.2, max_depth=3, n_estimators=500...........
[CV 4/5; 2/27] END learning_rate=0.2, max_depth=3, n_estimators=500;, score=0.598 total time= 4.2min
[CV 5/5; 5/27] START learning_rate=0.2, max_depth=4, n_estimators=500...........
[CV 5/5; 5/27] END learning_rate=0.2, max_depth=4, n_estimators=500;, score=0.575 total time= 5.5min
[CV 1/5; 9/27] START learning_rate=0.2, max_depth=5, n_estimators=600...........
[CV 1/5; 9/27] END learning_rate=0.2, max_depth=5, n_estimators=600;, score=0.588 total time= 8.3min
[CV 3/5; 13/27] START learning_rate=0.1, max_depth=4, n_estimators=400..........
[CV 3/5; 13/27] END learning_rate=0.1, max_depth=4, n_estimators=400;, score=0.598 total time= 4.4min
[CV 4/5; 16/27] START learning_rate=0.1, max_depth=5, n_estimators=400..........
[CV 4/5; 16/27] END learning_rate=0.1, max_depth=5, n_estimators=400;, score=0.599 total time= 5.6min
[CV 3/5; 19/27] START learning_rate=0.01, max_depth=3, n_estimators=400.........
[CV 3/5; 19/27] END learning_rate=0.01, max_depth=3, n_estimators=400;, score=0.592 total time= 3.3min
[CV 1/5; 21/27] START learning_rate=0.01, max_depth=3, n_estimators=600.........
[CV 1/5; 21/27] END learning_rate=0.01, max_depth=3, n_estimators=600;, score=0.594 total time= 5.0min
[CV 3/5; 24/27] START learning_rate=0.01, max_depth=4, n_estimators=600.........
[CV 3/5; 24/27] END learning_rate=0.01, max_depth=4, n_estimators=600;, score=0.598 total time= 6.7min
[CV 1/5; 2/27] START learning_rate=0.2, max_depth=3, n_estimators=500...........
[CV 1/5; 2/27] END learning_rate=0.2, max_depth=3, n_estimators=500;, score=0.582 total time= 4.2min
[CV 2/5; 5/27] START learning_rate=0.2, max_depth=4, n_estimators=500...........
[CV 2/5; 5/27] END learning_rate=0.2, max_depth=4, n_estimators=500;, score=0.606 total time= 5.5min
[CV 3/5; 8/27] START learning_rate=0.2, max_depth=5, n_estimators=500...........
[CV 3/5; 8/27] END learning_rate=0.2, max_depth=5, n_estimators=500;, score=0.580 total time= 6.9min
[CV 2/5; 12/27] START learning_rate=0.1, max_depth=3, n_estimators=600..........
[CV 2/5; 12/27] END learning_rate=0.1, max_depth=3, n_estimators=600;, score=0.621 total time= 5.0min
[CV 4/5; 15/27] START learning_rate=0.1, max_depth=4, n_estimators=600..........
[CV 4/5; 15/27] END learning_rate=0.1, max_depth=4, n_estimators=600;, score=0.599 total time= 6.6min
[CV 4/5; 19/27] START learning_rate=0.01, max_depth=3, n_estimators=400.........
[CV 4/5; 19/27] END learning_rate=0.01, max_depth=3, n_estimators=400;, score=0.598 total time= 3.3min
[CV 2/5; 21/27] START learning_rate=0.01, max_depth=3, n_estimators=600.........
[CV 2/5; 21/27] END learning_rate=0.01, max_depth=3, n_estimators=600;, score=0.611 total time= 5.0min
[CV 4/5; 24/27] START learning_rate=0.01, max_depth=4, n_estimators=600.........
[CV 4/5; 24/27] END learning_rate=0.01, max_depth=4, n_estimators=600;, score=0.608 total time= 6.7min
[CV 4/5; 1/27] START learning_rate=0.2, max_depth=3, n_estimators=400...........
[CV 4/5; 1/27] END learning_rate=0.2, max_depth=3, n_estimators=400;, score=0.601 total time= 3.3min
[CV 2/5; 4/27] START learning_rate=0.2, max_depth=4, n_estimators=400...........
[CV 2/5; 4/27] END learning_rate=0.2, max_depth=4, n_estimators=400;, score=0.608 total time= 4.4min
[CV 3/5; 7/27] START learning_rate=0.2, max_depth=5, n_estimators=400...........
[CV 3/5; 7/27] END learning_rate=0.2, max_depth=5, n_estimators=400;, score=0.576 total time= 5.5min
[CV 4/5; 10/27] START learning_rate=0.1, max_depth=3, n_estimators=400..........
[CV 4/5; 10/27] END learning_rate=0.1, max_depth=3, n_estimators=400;, score=0.607 total time= 3.3min
[CV 3/5; 12/27] START learning_rate=0.1, max_depth=3, n_estimators=600..........
[CV 3/5; 12/27] END learning_rate=0.1, max_depth=3, n_estimators=600;, score=0.605 total time= 5.0min
[CV 5/5; 15/27] START learning_rate=0.1, max_depth=4, n_estimators=600..........
[CV 5/5; 15/27] END learning_rate=0.1, max_depth=4, n_estimators=600;, score=0.590 total time= 6.6min
[CV 5/5; 19/27] START learning_rate=0.01, max_depth=3, n_estimators=400.........
[CV 5/5; 19/27] END learning_rate=0.01, max_depth=3, n_estimators=400;, score=0.593 total time= 3.3min
[CV 3/5; 21/27] START learning_rate=0.01, max_depth=3, n_estimators=600.........
[CV 3/5; 21/27] END learning_rate=0.01, max_depth=3, n_estimators=600;, score=0.594 total time= 5.0min
[CV 5/5; 24/27] START learning_rate=0.01, max_depth=4, n_estimators=600.........
[CV 5/5; 24/27] END learning_rate=0.01, max_depth=4, n_estimators=600;, score=0.608 total time= 6.7min
[CV 3/5; 2/27] START learning_rate=0.2, max_depth=3, n_estimators=500...........
[CV 3/5; 2/27] END learning_rate=0.2, max_depth=3, n_estimators=500;, score=0.595 total time= 4.2min
[CV 1/5; 6/27] START learning_rate=0.2, max_depth=4, n_estimators=600...........
[CV 1/5; 6/27] END learning_rate=0.2, max_depth=4, n_estimators=600;, score=0.579 total time= 6.7min
[CV 4/5; 9/27] START learning_rate=0.2, max_depth=5, n_estimators=600...........
[CV 4/5; 9/27] END learning_rate=0.2, max_depth=5, n_estimators=600;, score=0.583 total time= 8.4min
[CV 5/5; 14/27] START learning_rate=0.1, max_depth=4, n_estimators=500..........
[CV 5/5; 14/27] END learning_rate=0.1, max_depth=4, n_estimators=500;, score=0.589 total time= 5.6min
[CV 1/5; 18/27] START learning_rate=0.1, max_depth=5, n_estimators=600..........
[CV 1/5; 18/27] END learning_rate=0.1, max_depth=5, n_estimators=600;, score=0.588 total time= 8.4min
[CV 3/5; 22/27] START learning_rate=0.01, max_depth=4, n_estimators=400.........
[CV 3/5; 22/27] END learning_rate=0.01, max_depth=4, n_estimators=400;, score=0.592 total time= 4.5min
[CV 4/5; 25/27] START learning_rate=0.01, max_depth=5, n_estimators=400.........
[CV 4/5; 25/27] END learning_rate=0.01, max_depth=5, n_estimators=400;, score=0.601 total time= 5.6min
[I 2026-07-07 15:03:27.798 ServerApp] Saving file at /analysis/models.ipynb
[CV 1/5; 4/27] START learning_rate=0.2, max_depth=4, n_estimators=400...........
[CV 1/5; 4/27] END learning_rate=0.2, max_depth=4, n_estimators=400;, score=0.585 total time= 4.4min
[CV 2/5; 6/27] START learning_rate=0.2, max_depth=4, n_estimators=600...........
[CV 2/5; 6/27] END learning_rate=0.2, max_depth=4, n_estimators=600;, score=0.611 total time= 6.6min
[CV 5/5; 9/27] START learning_rate=0.2, max_depth=5, n_estimators=600...........
[CV 5/5; 9/27] END learning_rate=0.2, max_depth=5, n_estimators=600;, score=0.574 total time= 8.3min
[CV 1/5; 15/27] START learning_rate=0.1, max_depth=4, n_estimators=600..........
[CV 1/5; 15/27] END learning_rate=0.1, max_depth=4, n_estimators=600;, score=0.580 total time= 6.6min
[CV 2/5; 18/27] START learning_rate=0.1, max_depth=5, n_estimators=600..........
[CV 2/5; 18/27] END learning_rate=0.1, max_depth=5, n_estimators=600;, score=0.615 total time= 8.3min
[CV 4/5; 22/27] START learning_rate=0.01, max_depth=4, n_estimators=400.........
[CV 4/5; 22/27] END learning_rate=0.01, max_depth=4, n_estimators=400;, score=0.604 total time= 4.5min
[CV 5/5; 25/27] START learning_rate=0.01, max_depth=5, n_estimators=400.........
[CV 5/5; 25/27] END learning_rate=0.01, max_depth=5, n_estimators=400;, score=0.596 total time= 5.6min
[CV 2/5; 1/27] START learning_rate=0.2, max_depth=3, n_estimators=400...........
[CV 2/5; 1/27] END learning_rate=0.2, max_depth=3, n_estimators=400;, score=0.617 total time= 3.3min
[CV 5/5; 4/27] START learning_rate=0.2, max_depth=4, n_estimators=400...........
[CV 5/5; 4/27] END learning_rate=0.2, max_depth=4, n_estimators=400;, score=0.581 total time= 4.4min
[CV 1/5; 8/27] START learning_rate=0.2, max_depth=5, n_estimators=500...........
[CV 1/5; 8/27] END learning_rate=0.2, max_depth=5, n_estimators=500;, score=0.591 total time= 7.0min
[CV 2/5; 11/27] START learning_rate=0.1, max_depth=3, n_estimators=500..........
[CV 2/5; 11/27] END learning_rate=0.1, max_depth=3, n_estimators=500;, score=0.618 total time= 4.2min
[CV 5/5; 13/27] START learning_rate=0.1, max_depth=4, n_estimators=400..........
[CV 5/5; 13/27] END learning_rate=0.1, max_depth=4, n_estimators=400;, score=0.593 total time= 4.4min
[CV 1/5; 17/27] START learning_rate=0.1, max_depth=5, n_estimators=500..........
[CV 1/5; 17/27] END learning_rate=0.1, max_depth=5, n_estimators=500;, score=0.589 total time= 6.9min
[CV 2/5; 20/27] START learning_rate=0.01, max_depth=3, n_estimators=500.........
[CV 2/5; 20/27] END learning_rate=0.01, max_depth=3, n_estimators=500;, score=0.609 total time= 4.2min
[CV 5/5; 22/27] START learning_rate=0.01, max_depth=4, n_estimators=400.........
[CV 5/5; 22/27] END learning_rate=0.01, max_depth=4, n_estimators=400;, score=0.593 total time= 4.4min
[CV 1/5; 26/27] START learning_rate=0.01, max_depth=5, n_estimators=500.........
[CV 1/5; 26/27] END learning_rate=0.01, max_depth=5, n_estimators=500;, score=0.598 total time= 6.2min
[I 2026-07-07 15:04:39.736 ServerApp] Saving file at /analysis/models.ipynb
[CV 5/5; 1/27] START learning_rate=0.2, max_depth=3, n_estimators=400...........
[CV 5/5; 1/27] END learning_rate=0.2, max_depth=3, n_estimators=400;, score=0.578 total time= 3.3min
[CV 4/5; 4/27] START learning_rate=0.2, max_depth=4, n_estimators=400...........
[CV 4/5; 4/27] END learning_rate=0.2, max_depth=4, n_estimators=400;, score=0.604 total time= 4.4min
[CV 5/5; 7/27] START learning_rate=0.2, max_depth=5, n_estimators=400...........
[CV 5/5; 7/27] END learning_rate=0.2, max_depth=5, n_estimators=400;, score=0.584 total time= 5.6min
[CV 1/5; 11/27] START learning_rate=0.1, max_depth=3, n_estimators=500..........
[CV 1/5; 11/27] END learning_rate=0.1, max_depth=3, n_estimators=500;, score=0.592 total time= 4.2min
[CV 2/5; 13/27] START learning_rate=0.1, max_depth=4, n_estimators=400..........
[CV 2/5; 13/27] END learning_rate=0.1, max_depth=4, n_estimators=400;, score=0.623 total time= 4.4min
[CV 3/5; 16/27] START learning_rate=0.1, max_depth=5, n_estimators=400..........
[CV 3/5; 16/27] END learning_rate=0.1, max_depth=5, n_estimators=400;, score=0.592 total time= 5.5min
[CV 1/5; 19/27] START learning_rate=0.01, max_depth=3, n_estimators=400.........
[CV 1/5; 19/27] END learning_rate=0.01, max_depth=3, n_estimators=400;, score=0.588 total time= 3.3min
[CV 3/5; 20/27] START learning_rate=0.01, max_depth=3, n_estimators=500.........
[CV 3/5; 20/27] END learning_rate=0.01, max_depth=3, n_estimators=500;, score=0.594 total time= 4.2min
[CV 1/5; 23/27] START learning_rate=0.01, max_depth=4, n_estimators=500.........
[CV 1/5; 23/27] END learning_rate=0.01, max_depth=4, n_estimators=500;, score=0.597 total time= 5.6min
[CV 2/5; 26/27] START learning_rate=0.01, max_depth=5, n_estimators=500.........
[CV 2/5; 26/27] END learning_rate=0.01, max_depth=5, n_estimators=500;, score=0.623 total time= 5.2min
[CV 5/5; 2/27] START learning_rate=0.2, max_depth=3, n_estimators=500...........
[CV 5/5; 2/27] END learning_rate=0.2, max_depth=3, n_estimators=500;, score=0.575 total time= 4.2min
[CV 4/5; 5/27] START learning_rate=0.2, max_depth=4, n_estimators=500...........
[CV 4/5; 5/27] END learning_rate=0.2, max_depth=4, n_estimators=500;, score=0.599 total time= 5.5min
[CV 5/5; 8/27] START learning_rate=0.2, max_depth=5, n_estimators=500...........
[CV 5/5; 8/27] END learning_rate=0.2, max_depth=5, n_estimators=500;, score=0.578 total time= 7.0min
[CV 1/5; 13/27] START learning_rate=0.1, max_depth=4, n_estimators=400..........
[CV 1/5; 13/27] END learning_rate=0.1, max_depth=4, n_estimators=400;, score=0.595 total time= 4.4min
[CV 3/5; 15/27] START learning_rate=0.1, max_depth=4, n_estimators=600..........
[CV 3/5; 15/27] END learning_rate=0.1, max_depth=4, n_estimators=600;, score=0.600 total time= 6.7min
[CV 2/5; 19/27] START learning_rate=0.01, max_depth=3, n_estimators=400.........
[CV 2/5; 19/27] END learning_rate=0.01, max_depth=3, n_estimators=400;, score=0.606 total time= 3.3min
[CV 4/5; 20/27] START learning_rate=0.01, max_depth=3, n_estimators=500.........
[CV 4/5; 20/27] END learning_rate=0.01, max_depth=3, n_estimators=500;, score=0.596 total time= 4.2min
[CV 2/5; 23/27] START learning_rate=0.01, max_depth=4, n_estimators=500.........
[CV 2/5; 23/27] END learning_rate=0.01, max_depth=4, n_estimators=500;, score=0.606 total time= 5.6min
[CV 3/5; 26/27] START learning_rate=0.01, max_depth=5, n_estimators=500.........
[CV 3/5; 26/27] END learning_rate=0.01, max_depth=5, n_estimators=500;, score=0.600 total time= 5.1min
[CV 2/5; 2/27] START learning_rate=0.2, max_depth=3, n_estimators=500...........
[CV 2/5; 2/27] END learning_rate=0.2, max_depth=3, n_estimators=500;, score=0.620 total time= 4.2min
[CV 3/5; 5/27] START learning_rate=0.2, max_depth=4, n_estimators=500...........
[CV 3/5; 5/27] END learning_rate=0.2, max_depth=4, n_estimators=500;, score=0.589 total time= 5.5min
[CV 4/5; 8/27] START learning_rate=0.2, max_depth=5, n_estimators=500...........
[CV 4/5; 8/27] END learning_rate=0.2, max_depth=5, n_estimators=500;, score=0.593 total time= 6.9min
[CV 4/5; 12/27] START learning_rate=0.1, max_depth=3, n_estimators=600..........
[CV 4/5; 12/27] END learning_rate=0.1, max_depth=3, n_estimators=600;, score=0.607 total time= 5.0min
[CV 1/5; 16/27] START learning_rate=0.1, max_depth=5, n_estimators=400..........
[CV 1/5; 16/27] END learning_rate=0.1, max_depth=5, n_estimators=400;, score=0.586 total time= 5.5min
[CV 3/5; 18/27] START learning_rate=0.1, max_depth=5, n_estimators=600..........
[CV 3/5; 18/27] END learning_rate=0.1, max_depth=5, n_estimators=600;, score=0.589 total time= 8.3min
[CV 3/5; 23/27] START learning_rate=0.01, max_depth=4, n_estimators=500.........
[CV 3/5; 23/27] END learning_rate=0.01, max_depth=4, n_estimators=500;, score=0.597 total time= 5.6min
[CV 4/5; 26/27] START learning_rate=0.01, max_depth=5, n_estimators=500.........
[CV 4/5; 26/27] END learning_rate=0.01, max_depth=5, n_estimators=500;, score=0.599 total time= 5.0min
[CV 2/5; 3/27] START learning_rate=0.2, max_depth=3, n_estimators=600...........
[CV 2/5; 3/27] END learning_rate=0.2, max_depth=3, n_estimators=600;, score=0.620 total time= 5.0min
[CV 2/5; 7/27] START learning_rate=0.2, max_depth=5, n_estimators=400...........
[CV 2/5; 7/27] END learning_rate=0.2, max_depth=5, n_estimators=400;, score=0.618 total time= 5.5min
[CV 3/5; 9/27] START learning_rate=0.2, max_depth=5, n_estimators=600...........
[CV 3/5; 9/27] END learning_rate=0.2, max_depth=5, n_estimators=600;, score=0.573 total time= 8.3min
[CV 1/5; 14/27] START learning_rate=0.1, max_depth=4, n_estimators=500..........
[CV 1/5; 14/27] END learning_rate=0.1, max_depth=4, n_estimators=500;, score=0.586 total time= 5.5min
[CV 2/5; 17/27] START learning_rate=0.1, max_depth=5, n_estimators=500..........
[CV 2/5; 17/27] END learning_rate=0.1, max_depth=5, n_estimators=500;, score=0.617 total time= 6.9min
[CV 5/5; 20/27] START learning_rate=0.01, max_depth=3, n_estimators=500.........
[CV 5/5; 20/27] END learning_rate=0.01, max_depth=3, n_estimators=500;, score=0.596 total time= 4.2min
[CV 5/5; 23/27] START learning_rate=0.01, max_depth=4, n_estimators=500.........
[CV 5/5; 23/27] END learning_rate=0.01, max_depth=4, n_estimators=500;, score=0.604 total time= 5.6min
[CV 1/5; 27/27] START learning_rate=0.01, max_depth=5, n_estimators=600.........
[CV 1/5; 27/27] END learning_rate=0.01, max_depth=5, n_estimators=600;, score=0.592 total time= 5.7min
[CV 1/5; 1/27] START learning_rate=0.2, max_depth=3, n_estimators=400...........
[CV 1/5; 1/27] END learning_rate=0.2, max_depth=3, n_estimators=400;, score=0.577 total time= 3.3min
[CV 3/5; 4/27] START learning_rate=0.2, max_depth=4, n_estimators=400...........
[CV 3/5; 4/27] END learning_rate=0.2, max_depth=4, n_estimators=400;, score=0.595 total time= 4.4min
[CV 4/5; 7/27] START learning_rate=0.2, max_depth=5, n_estimators=400...........
[CV 4/5; 7/27] END learning_rate=0.2, max_depth=5, n_estimators=400;, score=0.596 total time= 5.5min
[CV 5/5; 10/27] START learning_rate=0.1, max_depth=3, n_estimators=400..........
[CV 5/5; 10/27] END learning_rate=0.1, max_depth=3, n_estimators=400;, score=0.590 total time= 3.3min
[CV 5/5; 12/27] START learning_rate=0.1, max_depth=3, n_estimators=600..........
[CV 5/5; 12/27] END learning_rate=0.1, max_depth=3, n_estimators=600;, score=0.587 total time= 5.0min
[CV 2/5; 16/27] START learning_rate=0.1, max_depth=5, n_estimators=400..........
[CV 2/5; 16/27] END learning_rate=0.1, max_depth=5, n_estimators=400;, score=0.618 total time= 5.5min
[CV 4/5; 18/27] START learning_rate=0.1, max_depth=5, n_estimators=600..........
[CV 4/5; 18/27] END learning_rate=0.1, max_depth=5, n_estimators=600;, score=0.593 total time= 8.3min
[CV 4/5; 23/27] START learning_rate=0.01, max_depth=4, n_estimators=500.........
[CV 4/5; 23/27] END learning_rate=0.01, max_depth=4, n_estimators=500;, score=0.605 total time= 5.6min
[CV 5/5; 26/27] START learning_rate=0.01, max_depth=5, n_estimators=500.........
[CV 5/5; 26/27] END learning_rate=0.01, max_depth=5, n_estimators=500;, score=0.605 total time= 6.0min
[CV 3/5; 3/27] START learning_rate=0.2, max_depth=3, n_estimators=600...........
[CV 3/5; 3/27] END learning_rate=0.2, max_depth=3, n_estimators=600;, score=0.592 total time= 5.0min
[CV 4/5; 6/27] START learning_rate=0.2, max_depth=4, n_estimators=600...........
[CV 4/5; 6/27] END learning_rate=0.2, max_depth=4, n_estimators=600;, score=0.587 total time= 6.6min
[CV 2/5; 10/27] START learning_rate=0.1, max_depth=3, n_estimators=400..........
[CV 2/5; 10/27] END learning_rate=0.1, max_depth=3, n_estimators=400;, score=0.617 total time= 3.4min
[CV 4/5; 11/27] START learning_rate=0.1, max_depth=3, n_estimators=500..........
[CV 4/5; 11/27] END learning_rate=0.1, max_depth=3, n_estimators=500;, score=0.607 total time= 4.2min
[CV 3/5; 14/27] START learning_rate=0.1, max_depth=4, n_estimators=500..........
[CV 3/5; 14/27] END learning_rate=0.1, max_depth=4, n_estimators=500;, score=0.602 total time= 5.5min
[CV 4/5; 17/27] START learning_rate=0.1, max_depth=5, n_estimators=500..........
[CV 4/5; 17/27] END learning_rate=0.1, max_depth=5, n_estimators=500;, score=0.602 total time= 6.9min
[CV 5/5; 21/27] START learning_rate=0.01, max_depth=3, n_estimators=600.........
[CV 5/5; 21/27] END learning_rate=0.01, max_depth=3, n_estimators=600;, score=0.601 total time= 5.0min
[CV 2/5; 25/27] START learning_rate=0.01, max_depth=5, n_estimators=400.........
[CV 2/5; 25/27] END learning_rate=0.01, max_depth=5, n_estimators=400;, score=0.617 total time= 5.6min
[CV 3/5; 27/27] START learning_rate=0.01, max_depth=5, n_estimators=600.........
[CV 3/5; 27/27] END learning_rate=0.01, max_depth=5, n_estimators=600;, score=0.598 total time= 5.8min
[CV 3/5; 1/27] START learning_rate=0.2, max_depth=3, n_estimators=400...........
[CV 3/5; 1/27] END learning_rate=0.2, max_depth=3, n_estimators=400;, score=0.597 total time= 3.3min
[CV 1/5; 5/27] START learning_rate=0.2, max_depth=4, n_estimators=500...........
[CV 1/5; 5/27] END learning_rate=0.2, max_depth=4, n_estimators=500;, score=0.585 total time= 5.5min
[CV 2/5; 8/27] START learning_rate=0.2, max_depth=5, n_estimators=500...........
[CV 2/5; 8/27] END learning_rate=0.2, max_depth=5, n_estimators=500;, score=0.615 total time= 6.9min
[CV 1/5; 12/27] START learning_rate=0.1, max_depth=3, n_estimators=600..........
[CV 1/5; 12/27] END learning_rate=0.1, max_depth=3, n_estimators=600;, score=0.595 total time= 5.0min
[CV 2/5; 15/27] START learning_rate=0.1, max_depth=4, n_estimators=600..........
[CV 2/5; 15/27] END learning_rate=0.1, max_depth=4, n_estimators=600;, score=0.614 total time= 6.7min
[CV 5/5; 18/27] START learning_rate=0.1, max_depth=5, n_estimators=600..........
[CV 5/5; 18/27] END learning_rate=0.1, max_depth=5, n_estimators=600;, score=0.589 total time= 8.3min
[CV 1/5; 24/27] START learning_rate=0.01, max_depth=4, n_estimators=600.........
[CV 1/5; 24/27] END learning_rate=0.01, max_depth=4, n_estimators=600;, score=0.589 total time= 6.7min
[CV 4/5; 27/27] START learning_rate=0.01, max_depth=5, n_estimators=600.........
[CV 4/5; 27/27] END learning_rate=0.01, max_depth=5, n_estimators=600;, score=0.598 total time= 5.7min
[CV 4/5; 3/27] START learning_rate=0.2, max_depth=3, n_estimators=600...........
[CV 4/5; 3/27] END learning_rate=0.2, max_depth=3, n_estimators=600;, score=0.595 total time= 5.0min
[CV 3/5; 6/27] START learning_rate=0.2, max_depth=4, n_estimators=600...........
[CV 3/5; 6/27] END learning_rate=0.2, max_depth=4, n_estimators=600;, score=0.574 total time= 6.6min
[CV 1/5; 10/27] START learning_rate=0.1, max_depth=3, n_estimators=400..........
[CV 1/5; 10/27] END learning_rate=0.1, max_depth=3, n_estimators=400;, score=0.600 total time= 3.4min
[CV 3/5; 11/27] START learning_rate=0.1, max_depth=3, n_estimators=500..........
[CV 3/5; 11/27] END learning_rate=0.1, max_depth=3, n_estimators=500;, score=0.602 total time= 4.1min
[CV 2/5; 14/27] START learning_rate=0.1, max_depth=4, n_estimators=500..........
[CV 2/5; 14/27] END learning_rate=0.1, max_depth=4, n_estimators=500;, score=0.615 total time= 5.5min
[CV 3/5; 17/27] START learning_rate=0.1, max_depth=5, n_estimators=500..........
[CV 3/5; 17/27] END learning_rate=0.1, max_depth=5, n_estimators=500;, score=0.592 total time= 6.9min
[CV 4/5; 21/27] START learning_rate=0.01, max_depth=3, n_estimators=600.........
[CV 4/5; 21/27] END learning_rate=0.01, max_depth=3, n_estimators=600;, score=0.598 total time= 5.0min
[CV 1/5; 25/27] START learning_rate=0.01, max_depth=5, n_estimators=400.........
[CV 1/5; 25/27] END learning_rate=0.01, max_depth=5, n_estimators=400;, score=0.598 total time= 5.6min
[CV 2/5; 27/27] START learning_rate=0.01, max_depth=5, n_estimators=600.........
[CV 2/5; 27/27] END learning_rate=0.01, max_depth=5, n_estimators=600;, score=0.621 total time= 6.3min
[CV 1/5; 3/27] START learning_rate=0.2, max_depth=3, n_estimators=600...........
[CV 1/5; 3/27] END learning_rate=0.2, max_depth=3, n_estimators=600;, score=0.585 total time= 5.0min
[CV 5/5; 6/27] START learning_rate=0.2, max_depth=4, n_estimators=600...........
[CV 5/5; 6/27] END learning_rate=0.2, max_depth=4, n_estimators=600;, score=0.577 total time= 6.6min
[CV 3/5; 10/27] START learning_rate=0.1, max_depth=3, n_estimators=400..........
[CV 3/5; 10/27] END learning_rate=0.1, max_depth=3, n_estimators=400;, score=0.608 total time= 3.4min
[CV 5/5; 11/27] START learning_rate=0.1, max_depth=3, n_estimators=500..........
[CV 5/5; 11/27] END learning_rate=0.1, max_depth=3, n_estimators=500;, score=0.589 total time= 4.2min
[CV 4/5; 14/27] START learning_rate=0.1, max_depth=4, n_estimators=500..........
[CV 4/5; 14/27] END learning_rate=0.1, max_depth=4, n_estimators=500;, score=0.601 total time= 5.5min
[CV 5/5; 17/27] START learning_rate=0.1, max_depth=5, n_estimators=500..........
[CV 5/5; 17/27] END learning_rate=0.1, max_depth=5, n_estimators=500;, score=0.590 total time= 7.0min
[CV 1/5; 22/27] START learning_rate=0.01, max_depth=4, n_estimators=400.........
[CV 1/5; 22/27] END learning_rate=0.01, max_depth=4, n_estimators=400;, score=0.598 total time= 4.4min
[CV 2/5; 24/27] START learning_rate=0.01, max_depth=4, n_estimators=600.........
[CV 2/5; 24/27] END learning_rate=0.01, max_depth=4, n_estimators=600;, score=0.611 total time= 6.7min
[CV 5/5; 27/27] START learning_rate=0.01, max_depth=5, n_estimators=600.........
[CV 5/5; 27/27] END learning_rate=0.01, max_depth=5, n_estimators=600;, score=0.607 total time= 5.8min
[I 2026-07-07 15:42:28.144 ServerApp] Starting buffering for 0d185fea-9c16-4a18-8b52-2196420f0dae:f847373b-5eab-4e76-be0d-d38d2fffc43e
slurmstepd: error: *** JOB 8405809 ON node001 CANCELLED AT 2026-07-07T15:42:44 ***
